// Jest Snapshot v1, https://goo.gl/fbAQLP

exports[`Generate Shopify Redirect should generate a javascript based redirect 1`] = `"<!DOCTYPE html><html><head><script type=\\"text/javascript\\">window.top.location.href = \\"https://example.com\\"</script></head></html>"`;
